---
source: tests/test.rs
expression: parser.parse(&buffer).unwrap()
---
SynthProblem {
    imports: [],
    decls: [
        TypeDecl(
            "bool",
            Type(
                Variant([("True", Type(Tuple([]))), ("False", Type(Tuple([])))]),
            ),
        ),
        TypeDecl(
            "list",
            Type(
                Variant([("Nil", Type(Tuple([]))), ("Cons", Type(Tuple([Type(Named("bool")), Type(Named("list"))])))]),
            ),
        ),
        ExpDecl(
            "bnot",
            Exp(
                Fix("bnot", Type(Arrow(Type(Named("bool")), Type(Named("bool")))), Exp(Func(Param { name: "x", ty: Type(Named("bool")) }, Exp(Match(Exp(Var("x")), [(Ctor("False", Wildcard), Exp(CTor("True", Exp(Tuple([]))))), (Ctor("True", Wildcard), Exp(CTor("False", Exp(Tuple([])))))]))))),
            ),
        ),
    ],
    synth_type: Type(
        Arrow(Type(Named("list")), Type(Named("bool"))),
    ),
    spec: UIOEs(
        [
            Example {
                input: [
                    Exp(
                        CTor("Nil", Exp(Tuple([]))),
                    ),
                ],
                output: Exp(
                    CTor("True", Exp(Tuple([]))),
                ),
            },
            Example {
                input: [
                    Exp(
                        CTor("Cons", Exp(Tuple([Exp(CTor("False", Exp(Tuple([])))), Exp(CTor("Nil", Exp(Tuple([]))))]))),
                    ),
                ],
                output: Exp(
                    CTor("True", Exp(Tuple([]))),
                ),
            },
            Example {
                input: [
                    Exp(
                        CTor("Cons", Exp(Tuple([Exp(CTor("True", Exp(Tuple([])))), Exp(CTor("Nil", Exp(Tuple([]))))]))),
                    ),
                ],
                output: Exp(
                    CTor("False", Exp(Tuple([]))),
                ),
            },
            Example {
                input: [
                    Exp(
                        CTor("Cons", Exp(Tuple([Exp(CTor("False", Exp(Tuple([])))), Exp(CTor("Cons", Exp(Tuple([Exp(CTor("False", Exp(Tuple([])))), Exp(CTor("Nil", Exp(Tuple([]))))]))))]))),
                    ),
                ],
                output: Exp(
                    CTor("True", Exp(Tuple([]))),
                ),
            },
            Example {
                input: [
                    Exp(
                        CTor("Cons", Exp(Tuple([Exp(CTor("False", Exp(Tuple([])))), Exp(CTor("Cons", Exp(Tuple([Exp(CTor("True", Exp(Tuple([])))), Exp(CTor("Nil", Exp(Tuple([]))))]))))]))),
                    ),
                ],
                output: Exp(
                    CTor("False", Exp(Tuple([]))),
                ),
            },
            Example {
                input: [
                    Exp(
                        CTor("Cons", Exp(Tuple([Exp(CTor("True", Exp(Tuple([])))), Exp(CTor("Cons", Exp(Tuple([Exp(CTor("False", Exp(Tuple([])))), Exp(CTor("Nil", Exp(Tuple([]))))]))))]))),
                    ),
                ],
                output: Exp(
                    CTor("False", Exp(Tuple([]))),
                ),
            },
            Example {
                input: [
                    Exp(
                        CTor("Cons", Exp(Tuple([Exp(CTor("True", Exp(Tuple([])))), Exp(CTor("Cons", Exp(Tuple([Exp(CTor("True", Exp(Tuple([])))), Exp(CTor("Nil", Exp(Tuple([]))))]))))]))),
                    ),
                ],
                output: Exp(
                    CTor("True", Exp(Tuple([]))),
                ),
            },
        ],
    ),
}
